// Jest Snapshot v1, https://goo.gl/fbAQLP

exports[`App Component renders correctly 1`] = `
Array [
  <div
    className="leftFixed leftNav"
  >
    <ul
      className="MuiList-root MuiList-padding"
      style={
        Object {
          "padding": "0",
        }
      }
    >
      <a
        aria-current="page"
        className="MuiListItem-root navLink leftNav MuiListItem-gutters active"
        disabled={false}
        href="/"
        onClick={[Function]}
        style={
          Object {
            "padding": "22px 16px 22px 42px",
          }
        }
      >
        <div
          className="MuiListItemText-root"
          style={
            Object {
              "textTransform": "uppercase",
            }
          }
        >
          <span
            className="MuiTypography-root MuiListItemText-primary MuiTypography-body1 MuiTypography-displayBlock"
          >
            Dashboard
          </span>
        </div>
      </a>
      <a
        aria-current={null}
        className="MuiListItem-root navLink leftNav MuiListItem-gutters"
        disabled={false}
        href="/devices"
        onClick={[Function]}
        style={
          Object {
            "padding": "22px 16px 22px 42px",
          }
        }
      >
        <div
          className="MuiListItemText-root"
          style={
            Object {
              "textTransform": "uppercase",
            }
          }
        >
          <span
            className="MuiTypography-root MuiListItemText-primary MuiTypography-body1 MuiTypography-displayBlock"
          >
            Devices
          </span>
        </div>
      </a>
      <a
        aria-current={null}
        className="MuiListItem-root navLink leftNav MuiListItem-gutters"
        disabled={false}
        href="/releases"
        onClick={[Function]}
        style={
          Object {
            "padding": "22px 16px 22px 42px",
          }
        }
      >
        <div
          className="MuiListItemText-root"
          style={
            Object {
              "textTransform": "uppercase",
            }
          }
        >
          <span
            className="MuiTypography-root MuiListItemText-primary MuiTypography-body1 MuiTypography-displayBlock"
          >
            Releases
          </span>
        </div>
      </a>
      <a
        aria-current={null}
        className="MuiListItem-root navLink leftNav MuiListItem-gutters"
        disabled={false}
        href="/deployments"
        onClick={[Function]}
        style={
          Object {
            "padding": "22px 16px 22px 42px",
          }
        }
      >
        <div
          className="MuiListItemText-root"
          style={
            Object {
              "textTransform": "uppercase",
            }
          }
        >
          <span
            className="MuiTypography-root MuiListItemText-primary MuiTypography-body1 MuiTypography-displayBlock"
          >
            Deployments
          </span>
        </div>
      </a>
    </ul>
    <ul
      className="MuiList-root MuiList-padding"
      style={
        Object {
          "bottom": "30px",
          "left": "0px",
          "padding": "0",
          "position": "absolute",
          "right": "0px",
        }
      }
    >
      <a
        className="MuiListItem-root navLink leftNav MuiListItem-gutters"
        disabled={false}
        href="/help"
        onClick={[Function]}
        style={
          Object {
            "padding": "16px 16px 16px 42px",
          }
        }
      >
        <div
          className="MuiListItemText-root"
        >
          <span
            className="MuiTypography-root MuiListItemText-primary MuiTypography-body1 MuiTypography-displayBlock"
          >
            Help
          </span>
        </div>
      </a>
      <li
        className="MuiListItem-root MuiListItem-gutters Mui-disabled"
        disabled={true}
        style={
          Object {
            "color": "#949495",
            "padding": "16px 16px 16px 42px",
          }
        }
      >
        <div
          className="MuiListItemText-root MuiListItemText-multiline"
        >
          <span
            className="MuiTypography-root MuiListItemText-primary MuiTypography-body1 MuiTypography-displayBlock"
          >
            <div
              aria-describedby={null}
              className=""
              onBlur={[Function]}
              onClick={[Function]}
              onFocus={[Function]}
              onMouseLeave={[Function]}
              onMouseOver={[Function]}
              onTouchEnd={[Function]}
              onTouchStart={[Function]}
              title={null}
            >

            </div>
          </span>
          <p
            className="MuiTypography-root MuiListItemText-secondary MuiTypography-body2 MuiTypography-colorTextSecondary MuiTypography-displayBlock"
          >
            <a
              href="https://docs.mender.io/development/release-information/open-source-licenses"
              rel="noopener noreferrer"
              style={
                Object {
                  "color": "#347A87",
                  "fontSize": "13px",
                  "position": "relative",
                  "top": "6px",
                }
              }
              target="_blank"
            >
              License information
            </a>
          </p>
        </div>
      </li>
    </ul>
  </div>,
  <div
    className="rightFluid container"
  >
    <div
      className="dashboard"
    >
      <div>
        <h4
          className="dashboard-header"
        >
          <span>
            Devices
          </span>
        </h4>
        <div
          style={
            Object {
              "display": "flex",
              "flexDirection": "row",
              "flexWrap": "wrap",
              "marginBottom": 30,
              "maxWidth": "85vw",
            }
          }
        >
          <div
            className="notActive widget "
            onClick={[Function]}
          >
            <div
              style={
                Object {
                  "display": "flex",
                  "flexDirection": "column",
                  "height": "100%",
                  "width": "100%",
                }
              }
            >
              <div
                className="widgetMainContent align-right"
                style={
                  Object {
                    "alignItems": "flex-end",
                    "display": "flex",
                    "flexDirection": "column",
                  }
                }
              >
                <div
                  className="header"
                >
                  Accepted devices
                </div>
                <div
                  className="counter"
                >
                  0
                </div>
              </div>
              <span
                className="link"
              />
            </div>
          </div>
          <div
            className="onboard widget"
            onClick={[Function]}
          >
            <div>
              <p
                className=""
              >
                Learn how to connect a device
              </p>
            </div>
            <a
              aria-disabled={false}
              className="MuiButtonBase-root MuiButton-root MuiButton-text"
              href="/devices"
              onBlur={[Function]}
              onClick={[Function]}
              onDragLeave={[Function]}
              onFocus={[Function]}
              onKeyDown={[Function]}
              onKeyUp={[Function]}
              onMouseDown={[Function]}
              onMouseLeave={[Function]}
              onMouseUp={[Function]}
              onTouchEnd={[Function]}
              onTouchMove={[Function]}
              onTouchStart={[Function]}
              role="button"
              tabIndex={0}
            >
              <span
                className="MuiButton-label"
              >
                Connect a device
              </span>
              <span
                className="MuiTouchRipple-root"
              />
            </a>
          </div>
        </div>
      </div>
      <div
        className="two-columns"
        style={
          Object {
            "gridTemplateColumns": "4fr 5fr",
          }
        }
      >
        <div>
          <h4
            className="dashboard-header"
          >
            <span>
              Deployments
            </span>
          </h4>
          <div
            className="deployments"
            style={
              Object {
                "marginBottom": 50,
              }
            }
          >
            <div
              className="loaderContainer"
            >
              <div
                className="loader"
              >
                <span
                  className="dot dot_1"
                />
                <span
                  className="dot dot_2"
                />
                <span
                  className="dot dot_3"
                />
                <span
                  className="dot dot_4"
                />
              </div>
            </div>
          </div>
        </div>
        <div />
      </div>
    </div>
  </div>,
  ";",
]
`;
